18:09:07 watch started (want commit 32e7f9a90f00ec2c0fdbe18853b6f3380f12cf49)
18:09:07 still degraded (ok=0) — sleeping 5m
18:14:29 still degraded (ok=0) — sleeping 5m
18:19:51 still degraded (ok=0) — sleeping 5m
18:25:16 still degraded (ok=0) — sleeping 5m
18:30:40 still degraded (ok=0) — sleeping 5m
18:36:03 still degraded (ok=0) — sleeping 5m
18:41:29 still degraded (ok=0) — sleeping 5m
18:46:53 still degraded (ok=0) — sleeping 5m
18:52:14 still degraded (ok=0) — sleeping 5m
18:57:37 still degraded (ok=0) — sleeping 5m
19:03:02 still degraded (ok=0) — sleeping 5m
19:08:25 still degraded (ok=0) — sleeping 5m
19:13:48 still degraded (ok=0) — sleeping 5m
19:19:10 still degraded (ok=0) — sleeping 5m
19:24:26 still degraded (ok=0) — sleeping 5m
19:29:42 still degraded (ok=0) — sleeping 5m
19:34:56 still degraded (ok=0) — sleeping 5m
19:40:12 still degraded (ok=0) — sleeping 5m
19:45:30 still degraded (ok=0) — sleeping 5m
19:50:47 still degraded (ok=0) — sleeping 5m
19:56:04 still degraded (ok=0) — sleeping 5m
20:01:19 still degraded (ok=0) — sleeping 5m
20:06:37 still degraded (ok=0) — sleeping 5m
20:11:57 still degraded (ok=0) — sleeping 5m
20:17:16 still degraded (ok=0) — sleeping 5m
20:22:38 still degraded (ok=0) — sleeping 5m
20:28:01 still degraded (ok=0) — sleeping 5m
20:33:22 still degraded (ok=0) — sleeping 5m
20:38:44 still degraded (ok=0) — sleeping 5m
20:44:04 still degraded (ok=0) — sleeping 5m
20:49:27 still degraded (ok=0) — sleeping 5m
20:54:49 still degraded (ok=0) — sleeping 5m
21:00:12 still degraded (ok=0) — sleeping 5m
21:05:32 still degraded (ok=0) — sleeping 5m
21:10:49 still degraded (ok=0) — sleeping 5m
21:16:07 still degraded (ok=0) — sleeping 5m
21:21:25 still degraded (ok=0) — sleeping 5m
21:26:46 still degraded (ok=0) — sleeping 5m
21:32:08 still degraded (ok=0) — sleeping 5m
21:37:28 still degraded (ok=0) — sleeping 5m
21:42:49 still degraded (ok=0) — sleeping 5m
21:48:11 still degraded (ok=0) — sleeping 5m
21:53:37 still degraded (ok=0) — sleeping 5m
21:58:59 still degraded (ok=0) — sleeping 5m
22:04:20 still degraded (ok=0) — sleeping 5m
22:09:43 still degraded (ok=0) — sleeping 5m
22:15:07 still degraded (ok=0) — sleeping 5m
22:20:28 still degraded (ok=0) — sleeping 5m
22:25:53 still degraded (ok=0) — sleeping 5m
22:31:16 still degraded (ok=0) — sleeping 5m
22:36:35 still degraded (ok=0) — sleeping 5m
22:41:56 still degraded (ok=0) — sleeping 5m
22:47:17 still degraded (ok=0) — sleeping 5m
22:52:44 still degraded (ok=0) — sleeping 5m
22:58:06 still degraded (ok=0) — sleeping 5m
23:03:27 still degraded (ok=0) — sleeping 5m
23:08:48 still degraded (ok=0) — sleeping 5m
23:14:13 still degraded (ok=0) — sleeping 5m
23:19:37 still degraded (ok=0) — sleeping 5m
23:25:00 still degraded (ok=0) — sleeping 5m
23:30:23 still degraded (ok=0) — sleeping 5m
23:35:34 still degraded (ok=0) — sleeping 5m
23:40:37 still degraded (ok=0) — sleeping 5m
23:45:37 still degraded (ok=0) — sleeping 5m
23:50:38 still degraded (ok=0) — sleeping 5m
23:55:38 still degraded (ok=0) — sleeping 5m
00:00:38 still degraded (ok=0) — sleeping 5m
00:05:38 still degraded (ok=0) — sleeping 5m
00:10:38 status OK — dispatching pages.yml
00:11:41 run done: 32e7f9a completed success
00:11:41 DEPLOYED: gmatht.github.io now serves 32e7f9a90f00ec2c0fdbe18853b6f3380f12cf49
